17:25:45.584  EVENT      NAME                           READY   STATUS    RESTARTS   AGE
17:25:45.587  ADDED      app-rolling-86d7d44d5b-5kqb8   1/1     Running   0          12s
17:25:45.591  ADDED      app-rolling-86d7d44d5b-5z2xd   1/1     Running   0          12s
17:25:45.593  ADDED      app-rolling-86d7d44d5b-cndgm   1/1     Running   0          12s
17:25:45.596  ADDED      app-rolling-86d7d44d5b-l2r25   1/1     Running   0          12s
17:25:45.599  ADDED      curl-client                    1/1     Running   0          20s
17:25:48.242  ADDED      app-rolling-56bff6d88c-gw5sj   0/1     Pending   0          0s
17:25:48.274  MODIFIED   app-rolling-56bff6d88c-gw5sj   0/1     Pending   0          0s
17:25:48.869  MODIFIED   app-rolling-56bff6d88c-gw5sj   0/1     ContainerCreating   0          0s
17:25:49.475  MODIFIED   app-rolling-56bff6d88c-gw5sj   0/1     ContainerCreating   0          1s
17:25:50.500  MODIFIED   app-rolling-56bff6d88c-gw5sj   0/1     Running             0          2s
17:25:56.391  MODIFIED   app-rolling-56bff6d88c-gw5sj   1/1     Running             0          8s
17:25:56.460  MODIFIED   app-rolling-56bff6d88c-gw5sj   1/1     Running             0          8s
17:25:56.524  MODIFIED   app-rolling-86d7d44d5b-5z2xd   1/1     Terminating         0          23s
17:25:56.984  MODIFIED   app-rolling-86d7d44d5b-5z2xd   1/1     Terminating         0          23s
17:25:57.289  ADDED      app-rolling-56bff6d88c-k2m29   0/1     Pending             0          0s
17:25:57.310  MODIFIED   app-rolling-56bff6d88c-k2m29   0/1     Pending             0          0s
17:25:57.374  MODIFIED   app-rolling-56bff6d88c-k2m29   0/1     ContainerCreating   0          0s
17:25:58.080  MODIFIED   app-rolling-86d7d44d5b-5z2xd   0/1     Completed           0          25s
17:25:58.487  MODIFIED   app-rolling-86d7d44d5b-5z2xd   0/1     Completed           0          25s
17:25:58.565  MODIFIED   app-rolling-86d7d44d5b-5z2xd   0/1     Completed           0          25s
17:25:58.592  DELETED    app-rolling-86d7d44d5b-5z2xd   0/1     Completed           0          25s
17:25:58.761  MODIFIED   app-rolling-56bff6d88c-k2m29   0/1     ContainerCreating   0          1s
17:25:59.186  MODIFIED   app-rolling-56bff6d88c-k2m29   0/1     Running             0          2s
17:26:04.856  MODIFIED   app-rolling-56bff6d88c-k2m29   1/1     Running             0          7s
17:26:05.308  MODIFIED   app-rolling-56bff6d88c-k2m29   1/1     Running             0          8s
17:26:06.059  MODIFIED   app-rolling-86d7d44d5b-l2r25   1/1     Terminating         0          33s
17:26:06.068  ADDED      app-rolling-56bff6d88c-pchfs   0/1     Pending             0          0s
17:26:06.093  MODIFIED   app-rolling-86d7d44d5b-l2r25   1/1     Terminating         0          33s
17:26:06.096  MODIFIED   app-rolling-56bff6d88c-pchfs   0/1     Pending             0          0s
17:26:06.117  MODIFIED   app-rolling-56bff6d88c-pchfs   0/1     ContainerCreating   0          0s
17:26:06.871  MODIFIED   app-rolling-86d7d44d5b-l2r25   0/1     Completed           0          33s
17:26:07.282  MODIFIED   app-rolling-56bff6d88c-pchfs   0/1     ContainerCreating   0          1s
17:26:07.601  MODIFIED   app-rolling-86d7d44d5b-l2r25   0/1     Completed           0          34s
17:26:07.611  DELETED    app-rolling-86d7d44d5b-l2r25   0/1     Completed           0          34s
17:26:07.690  MODIFIED   app-rolling-56bff6d88c-pchfs   0/1     Running             0          1s
17:26:13.610  MODIFIED   app-rolling-56bff6d88c-pchfs   1/1     Running             0          7s
17:26:13.672  MODIFIED   app-rolling-86d7d44d5b-cndgm   1/1     Terminating         0          40s
17:26:13.724  ADDED      app-rolling-56bff6d88c-5gb2v   0/1     Pending             0          0s
17:26:13.736  MODIFIED   app-rolling-56bff6d88c-5gb2v   0/1     Pending             0          0s
17:26:13.774  MODIFIED   app-rolling-86d7d44d5b-cndgm   1/1     Terminating         0          40s
17:26:13.807  MODIFIED   app-rolling-56bff6d88c-5gb2v   0/1     ContainerCreating   0          0s
17:26:14.148  MODIFIED   app-rolling-86d7d44d5b-cndgm   0/1     Completed           0          41s
17:26:14.616  MODIFIED   app-rolling-56bff6d88c-5gb2v   0/1     ContainerCreating   0          1s
17:26:14.691  MODIFIED   app-rolling-86d7d44d5b-cndgm   0/1     Completed           0          41s
17:26:14.711  MODIFIED   app-rolling-86d7d44d5b-cndgm   0/1     Completed           0          41s
17:26:14.729  DELETED    app-rolling-86d7d44d5b-cndgm   0/1     Completed           0          41s
17:26:15.325  MODIFIED   app-rolling-56bff6d88c-5gb2v   0/1     Running             0          2s
17:26:21.712  MODIFIED   app-rolling-56bff6d88c-5gb2v   1/1     Running             0          8s
17:26:21.768  MODIFIED   app-rolling-56bff6d88c-5gb2v   1/1     Running             0          8s
17:26:21.773  MODIFIED   app-rolling-86d7d44d5b-5kqb8   1/1     Terminating         0          48s
17:26:21.810  MODIFIED   app-rolling-86d7d44d5b-5kqb8   1/1     Terminating         0          48s
17:26:22.676  MODIFIED   app-rolling-86d7d44d5b-5kqb8   0/1     Completed           0          49s
17:26:22.775  MODIFIED   app-rolling-86d7d44d5b-5kqb8   0/1     Completed           0          49s
17:26:22.782  DELETED    app-rolling-86d7d44d5b-5kqb8   0/1     Completed           0          49s
17:26:47.260  MODIFIED   curl-client                    1/1     Running             0          82s
