17:40:11.776  EVENT      NAME                READY   STATUS    RESTARTS   AGE
17:40:11.779  ADDED      lifecycle-running   0/1     Pending   0          0s
17:40:11.786  MODIFIED   lifecycle-running   0/1     Pending   0          0s
17:40:11.822  MODIFIED   lifecycle-running   0/1     ContainerCreating   0          0s
17:40:12.365  MODIFIED   lifecycle-running   0/1     ContainerCreating   0          1s
17:40:12.506  MODIFIED   lifecycle-running   1/1     Running             0          1s
17:40:15.149  ADDED      lifecycle-pending   0/1     Pending             0          0s
17:40:15.169  MODIFIED   lifecycle-pending   0/1     Pending             0          0s
17:40:23.033  ADDED      lifecycle-succeeded   0/1     Pending             0          0s
17:40:23.040  MODIFIED   lifecycle-succeeded   0/1     Pending             0          0s
17:40:23.060  MODIFIED   lifecycle-succeeded   0/1     ContainerCreating   0          0s
17:40:23.537  MODIFIED   lifecycle-succeeded   0/1     ContainerCreating   0          0s
17:40:23.656  MODIFIED   lifecycle-succeeded   1/1     Running             0          0s
17:40:29.603  MODIFIED   lifecycle-succeeded   0/1     Completed           0          6s
17:40:30.780  MODIFIED   lifecycle-succeeded   0/1     Completed           0          7s
17:40:34.611  ADDED      lifecycle-failed      0/1     Pending             0          0s
17:40:34.636  MODIFIED   lifecycle-failed      0/1     Pending             0          0s
17:40:34.658  MODIFIED   lifecycle-failed      0/1     ContainerCreating   0          0s
17:40:35.139  MODIFIED   lifecycle-failed      0/1     ContainerCreating   0          1s
17:40:35.245  MODIFIED   lifecycle-failed      1/1     Running             0          1s
17:40:40.676  MODIFIED   lifecycle-failed      0/1     Error               0          6s
17:40:41.934  MODIFIED   lifecycle-failed      0/1     Error               0          7s
17:40:46.301  ADDED      lifecycle-crashloop   0/1     Pending             0          0s
17:40:46.332  MODIFIED   lifecycle-crashloop   0/1     Pending             0          0s
17:40:46.370  MODIFIED   lifecycle-crashloop   0/1     ContainerCreating   0          0s
17:40:46.838  MODIFIED   lifecycle-crashloop   0/1     ContainerCreating   0          0s
17:40:46.952  MODIFIED   lifecycle-crashloop   1/1     Running             0          0s
17:40:50.779  MODIFIED   lifecycle-crashloop   0/1     Error               0          4s
17:40:50.926  MODIFIED   lifecycle-crashloop   1/1     Running             1 (1s ago)   4s
17:40:55.059  MODIFIED   lifecycle-crashloop   0/1     Error               1 (6s ago)   9s
17:41:07.284  MODIFIED   lifecycle-crashloop   0/1     CrashLoopBackOff    1 (14s ago)   21s
17:41:07.498  MODIFIED   lifecycle-crashloop   1/1     Running             2 (14s ago)   21s
17:41:10.991  MODIFIED   lifecycle-crashloop   0/1     Error               2 (17s ago)   24s
17:41:12.773  ADDED      lifecycle-image-error   0/1     Pending             0             0s
17:41:12.781  MODIFIED   lifecycle-image-error   0/1     Pending             0             0s
17:41:12.818  MODIFIED   lifecycle-image-error   0/1     ContainerCreating   0             0s
17:41:13.407  MODIFIED   lifecycle-image-error   0/1     ContainerCreating   0             1s
17:41:16.052  MODIFIED   lifecycle-image-error   0/1     ErrImagePull        0             4s
17:41:27.282  MODIFIED   lifecycle-image-error   0/1     ImagePullBackOff    0             15s
17:41:32.383  MODIFIED   lifecycle-crashloop     0/1     CrashLoopBackOff    2 (22s ago)   46s
17:41:33.151  MODIFIED   lifecycle-crashloop     1/1     Running             3 (23s ago)   47s
17:41:36.377  MODIFIED   lifecycle-crashloop     0/1     Error               3 (26s ago)   50s
17:41:37.920  ADDED      lifecycle-readiness     0/1     Pending             0             0s
17:41:37.931  MODIFIED   lifecycle-readiness     0/1     Pending             0             0s
17:41:37.970  MODIFIED   lifecycle-readiness     0/1     ContainerCreating   0             0s
17:41:38.671  MODIFIED   lifecycle-readiness     0/1     ContainerCreating   0             1s
17:41:38.862  MODIFIED   lifecycle-readiness     0/1     Running             0             1s
17:41:39.609  MODIFIED   lifecycle-image-error   0/1     ErrImagePull        0             27s
17:41:44.421  MODIFIED   lifecycle-readiness     1/1     Running             0             7s
17:41:52.321  MODIFIED   lifecycle-image-error   0/1     ImagePullBackOff    0             40s
17:41:53.879  ADDED      lifecycle-liveness      0/1     Pending             0             0s
17:41:53.896  MODIFIED   lifecycle-liveness      0/1     Pending             0             0s
17:41:53.955  MODIFIED   lifecycle-liveness      0/1     ContainerCreating   0             0s
17:41:54.841  MODIFIED   lifecycle-liveness      0/1     ContainerCreating   0             1s
17:41:55.103  MODIFIED   lifecycle-liveness      1/1     Running             0             2s
17:42:07.337  MODIFIED   lifecycle-image-error   0/1     ErrImagePull        0             55s
17:42:19.452  MODIFIED   lifecycle-image-error   0/1     ImagePullBackOff    0             67s
17:42:25.287  MODIFIED   lifecycle-crashloop     0/1     CrashLoopBackOff    3 (50s ago)   99s
17:42:25.480  MODIFIED   lifecycle-crashloop     1/1     Running             4 (50s ago)   99s
17:42:31.490  MODIFIED   lifecycle-crashloop     0/1     Error               4 (56s ago)   105s
17:42:56.512  MODIFIED   lifecycle-liveness      1/1     Running             1 (2s ago)    63s
17:42:59.282  MODIFIED   lifecycle-image-error   0/1     ErrImagePull        0             107s
17:43:04.932  ADDED      lifecycle-startup       0/1     Pending             0             0s
17:43:04.958  MODIFIED   lifecycle-startup       0/1     Pending             0             0s
17:43:05.098  MODIFIED   lifecycle-startup       0/1     ContainerCreating   0             1s
17:43:05.983  MODIFIED   lifecycle-startup       0/1     ContainerCreating   0             1s
17:43:06.177  MODIFIED   lifecycle-startup       0/1     Running             0             2s
17:43:12.282  MODIFIED   lifecycle-image-error   0/1     ImagePullBackOff    0             2m
17:43:40.391  MODIFIED   lifecycle-startup       0/1     Running             0             36s
17:43:40.411  MODIFIED   lifecycle-startup       1/1     Running             0             36s
17:43:51.293  MODIFIED   lifecycle-crashloop     0/1     CrashLoopBackOff    4 (83s ago)   3m5s
17:43:51.429  MODIFIED   lifecycle-crashloop     1/1     Running             5 (83s ago)   3m5s
17:43:51.531  ADDED      lifecycle-init          0/1     Pending             0             0s
17:43:51.539  MODIFIED   lifecycle-init          0/1     Pending             0             0s
17:43:51.576  MODIFIED   lifecycle-init          0/1     Init:0/1            0             0s
17:43:52.234  MODIFIED   lifecycle-init          0/1     Init:0/1            0             1s
17:43:52.385  MODIFIED   lifecycle-init          0/1     Init:0/1            0             1s
17:43:54.740  MODIFIED   lifecycle-liveness      1/1     Running             2 (0s ago)    2m1s
17:43:55.403  MODIFIED   lifecycle-crashloop     0/1     Error               5 (87s ago)   3m9s
17:44:03.463  MODIFIED   lifecycle-init          0/1     PodInitializing     0             12s
17:44:03.600  MODIFIED   lifecycle-init          1/1     Running             0             12s
17:44:08.291  ADDED      lifecycle-multi-container   0/2     Pending             0             0s
17:44:08.307  MODIFIED   lifecycle-multi-container   0/2     Pending             0             0s
17:44:08.332  MODIFIED   lifecycle-multi-container   0/2     ContainerCreating   0             0s
17:44:08.941  MODIFIED   lifecycle-multi-container   0/2     ContainerCreating   0             0s
17:44:09.343  MODIFIED   lifecycle-multi-container   2/2     Running             0             1s
17:44:26.305  ADDED      lifecycle-termination       0/1     Pending             0             0s
17:44:26.327  MODIFIED   lifecycle-termination       0/1     Pending             0             0s
17:44:26.355  MODIFIED   lifecycle-termination       0/1     ContainerCreating   0             0s
17:44:26.900  MODIFIED   lifecycle-termination       0/1     ContainerCreating   0             0s
17:44:27.032  MODIFIED   lifecycle-termination       1/1     Running             0             1s
17:44:28.013  MODIFIED   lifecycle-termination       1/1     Terminating         0             2s
17:44:28.036  MODIFIED   lifecycle-termination       1/1     Terminating         0             2s
17:44:31.269  MODIFIED   lifecycle-image-error       0/1     ErrImagePull        0             3m19s
17:44:38.555  MODIFIED   lifecycle-termination       0/1     Completed           0             12s
17:44:38.863  MODIFIED   lifecycle-termination       0/1     Completed           0             12s
17:44:38.865  DELETED    lifecycle-termination       0/1     Completed           0             12s
17:44:41.003  ADDED      yatri-backend-rs-7fldk      0/1     Pending             0             0s
17:44:41.010  MODIFIED   yatri-backend-rs-7fldk      0/1     Pending             0             1s
17:44:41.014  ADDED      yatri-backend-rs-6hp48      0/1     Pending             0             0s
17:44:41.017  ADDED      yatri-backend-rs-rlw44      0/1     Pending             0             0s
17:44:41.021  MODIFIED   yatri-backend-rs-6hp48      0/1     Pending             0             0s
17:44:41.026  MODIFIED   yatri-backend-rs-rlw44      0/1     Pending             0             0s
17:44:41.033  MODIFIED   yatri-backend-rs-7fldk      0/1     ContainerCreating   0             1s
17:44:41.047  MODIFIED   yatri-backend-rs-6hp48      0/1     ContainerCreating   0             0s
17:44:41.068  MODIFIED   yatri-backend-rs-rlw44      0/1     ContainerCreating   0             0s
17:44:41.628  MODIFIED   yatri-backend-rs-7fldk      0/1     ContainerCreating   0             1s
17:44:41.657  MODIFIED   yatri-backend-rs-6hp48      0/1     ContainerCreating   0             0s
17:44:41.678  MODIFIED   yatri-backend-rs-rlw44      0/1     ContainerCreating   0             0s
17:44:41.805  MODIFIED   yatri-backend-rs-rlw44      1/1     Running             0             0s
17:44:41.824  MODIFIED   yatri-backend-rs-7fldk      1/1     Running             0             1s
17:44:41.839  MODIFIED   yatri-backend-rs-6hp48      1/1     Running             0             0s
17:44:43.191  MODIFIED   yatri-backend-rs-6hp48      1/1     Terminating         0             2s
17:44:43.209  ADDED      yatri-backend-rs-kbl67      0/1     Pending             0             0s
17:44:43.218  MODIFIED   yatri-backend-rs-kbl67      0/1     Pending             0             0s
17:44:43.232  MODIFIED   yatri-backend-rs-kbl67      0/1     ContainerCreating   0             0s
17:44:43.802  MODIFIED   yatri-backend-rs-6hp48      1/1     Terminating         0             2s
17:44:43.885  MODIFIED   yatri-backend-rs-kbl67      0/1     ContainerCreating   0             0s
17:44:44.016  MODIFIED   yatri-backend-rs-kbl67      1/1     Running             0             1s
17:44:45.256  MODIFIED   lifecycle-image-error       0/1     ImagePullBackOff    0             3m33s
17:44:54.486  MODIFIED   lifecycle-liveness          1/1     Running             3 (0s ago)    3m1s
17:45:14.163  MODIFIED   yatri-backend-rs-6hp48      0/1     Error               0             33s
17:45:15.015  MODIFIED   yatri-backend-rs-6hp48      0/1     Error               0             34s
17:45:15.018  DELETED    yatri-backend-rs-6hp48      0/1     Error               0             34s
17:45:19.402  ADDED      yatri-backend-rs-q5x6m      0/1     Pending             0             0s
17:45:19.411  ADDED      yatri-backend-rs-grf4p      0/1     Pending             0             0s
17:45:19.416  MODIFIED   yatri-backend-rs-q5x6m      0/1     Pending             0             0s
17:45:19.423  MODIFIED   yatri-backend-rs-grf4p      0/1     Pending             0             0s
17:45:19.436  MODIFIED   yatri-backend-rs-q5x6m      0/1     ContainerCreating   0             0s
17:45:19.446  MODIFIED   yatri-backend-rs-grf4p      0/1     ContainerCreating   0             0s
17:45:19.932  MODIFIED   yatri-backend-rs-grf4p      0/1     ContainerCreating   0             0s
17:45:19.945  MODIFIED   yatri-backend-rs-q5x6m      0/1     ContainerCreating   0             0s
17:45:20.054  MODIFIED   yatri-backend-rs-grf4p      1/1     Running             0             1s
17:45:20.066  MODIFIED   yatri-backend-rs-q5x6m      1/1     Running             0             1s
17:45:24.287  MODIFIED   lifecycle-crashloop         0/1     CrashLoopBackOff    5 (90s ago)   4m38s
