2026-10-07T18:55:31Z	INFO	[misconfig] Misconfiguration scanning is enabled
2026-10-07T18:55:31Z	INFO	[checks-client] Using existing checks from cache	path="/home/vansh/.cache/trivy/policy/content"
2026-10-07T18:55:33Z	INFO	[terraform scanner] Scanning root module	file_path="terraform"
2026-10-07T18:55:38Z	INFO	Detected config files	num=36

Report Summary

┌──────────────────────────────────────────────────────────────────────┬────────────┬───────────────────┐
│                                Target                                │    Type    │ Misconfigurations │
├──────────────────────────────────────────────────────────────────────┼────────────┼───────────────────┤
│ docker/backend.Dockerfile                                            │ dockerfile │         0         │
├──────────────────────────────────────────────────────────────────────┼────────────┼───────────────────┤
│ docker/frontend.Dockerfile                                           │ dockerfile │         0         │
├──────────────────────────────────────────────────────────────────────┼────────────┼───────────────────┤
│ gitops/application-github.yaml                                       │ kubernetes │         0         │
├──────────────────────────────────────────────────────────────────────┼────────────┼───────────────────┤
│ gitops/application-local-gitea.yaml                                  │ kubernetes │         0         │
├──────────────────────────────────────────────────────────────────────┼────────────┼───────────────────┤
│ gitops/local-git-server/gitea.yaml                                   │ kubernetes │         0         │
├──────────────────────────────────────────────────────────────────────┼────────────┼───────────────────┤
│ helm/taskboard/templates/backend.yaml                                │    helm    │         0         │
├──────────────────────────────────────────────────────────────────────┼────────────┼───────────────────┤
│ helm/taskboard/templates/configmap.yaml                              │    helm    │         0         │
├──────────────────────────────────────────────────────────────────────┼────────────┼───────────────────┤
│ helm/taskboard/templates/frontend.yaml                               │    helm    │         0         │
├──────────────────────────────────────────────────────────────────────┼────────────┼───────────────────┤
│ helm/taskboard/templates/ingress-hpa.yaml                            │    helm    │         0         │
├──────────────────────────────────────────────────────────────────────┼────────────┼───────────────────┤
│ helm/taskboard/templates/monitoring.yaml                             │    helm    │         0         │
├──────────────────────────────────────────────────────────────────────┼────────────┼───────────────────┤
│ helm/taskboard/templates/postgres.yaml                               │    helm    │         0         │
├──────────────────────────────────────────────────────────────────────┼────────────┼───────────────────┤
│ helm/taskboard/templates/secret.yaml                                 │    helm    │         0         │
├──────────────────────────────────────────────────────────────────────┼────────────┼───────────────────┤
│ kubernetes/00-namespace.yaml                                         │ kubernetes │         0         │
├──────────────────────────────────────────────────────────────────────┼────────────┼───────────────────┤
│ kubernetes/01-config.yaml                                            │ kubernetes │         0         │
├──────────────────────────────────────────────────────────────────────┼────────────┼───────────────────┤
│ kubernetes/02-postgres.yaml                                          │ kubernetes │         0         │
├──────────────────────────────────────────────────────────────────────┼────────────┼───────────────────┤
│ kubernetes/03-backend.yaml                                           │ kubernetes │         0         │
├──────────────────────────────────────────────────────────────────────┼────────────┼───────────────────┤
│ kubernetes/04-frontend.yaml                                          │ kubernetes │         0         │
├──────────────────────────────────────────────────────────────────────┼────────────┼───────────────────┤
│ kubernetes/05-ingress-hpa.yaml                                       │ kubernetes │         0         │
├──────────────────────────────────────────────────────────────────────┼────────────┼───────────────────┤
│ scripts/loadgen-pod.yaml                                             │ kubernetes │         0         │
├──────────────────────────────────────────────────────────────────────┼────────────┼───────────────────┤
│ terraform                                                            │ terraform  │         0         │
├──────────────────────────────────────────────────────────────────────┼────────────┼───────────────────┤
│ terraform/eks.tf                                                     │ terraform  │         0         │
├──────────────────────────────────────────────────────────────────────┼────────────┼───────────────────┤
│ terraform/registry-storage.tf                                        │ terraform  │         0         │
├──────────────────────────────────────────────────────────────────────┼────────────┼───────────────────┤
│ terraform/vpc.tf                                                     │ terraform  │         0         │
├──────────────────────────────────────────────────────────────────────┼────────────┼───────────────────┤
│ troubleshooting/base/00-namespace.yaml                               │ kubernetes │         0         │
├──────────────────────────────────────────────────────────────────────┼────────────┼───────────────────┤
│ troubleshooting/base/01-config.yaml                                  │ kubernetes │         0         │
├──────────────────────────────────────────────────────────────────────┼────────────┼───────────────────┤
│ troubleshooting/base/02-postgres.yaml                                │ kubernetes │         0         │
├──────────────────────────────────────────────────────────────────────┼────────────┼───────────────────┤
│ troubleshooting/base/03-backend.yaml                                 │ kubernetes │         0         │
├──────────────────────────────────────────────────────────────────────┼────────────┼───────────────────┤
│ troubleshooting/base/04-frontend.yaml                                │ kubernetes │         0         │
├──────────────────────────────────────────────────────────────────────┼────────────┼───────────────────┤
│ troubleshooting/base/05-ingress.yaml                                 │ kubernetes │         0         │
├──────────────────────────────────────────────────────────────────────┼────────────┼───────────────────┤
│ troubleshooting/scenarios/1-image-pull/broken-deployment.yaml        │ kubernetes │         0         │
├──────────────────────────────────────────────────────────────────────┼────────────┼───────────────────┤
│ troubleshooting/scenarios/2-readiness-path/broken-deployment.yaml    │ kubernetes │         0         │
├──────────────────────────────────────────────────────────────────────┼────────────┼───────────────────┤
│ troubleshooting/scenarios/3-service-targetport/broken-service.yaml   │ kubernetes │         0         │
├──────────────────────────────────────────────────────────────────────┼────────────┼───────────────────┤
│ troubleshooting/scenarios/4-secret-key/broken-deployment.yaml        │ kubernetes │         0         │
├──────────────────────────────────────────────────────────────────────┼────────────┼───────────────────┤
│ troubleshooting/scenarios/5-hpa-no-requests/broken-deployment.yaml   │ kubernetes │         0         │
├──────────────────────────────────────────────────────────────────────┼────────────┼───────────────────┤
│ troubleshooting/scenarios/5-hpa-no-requests/hpa.yaml                 │ kubernetes │         0         │
├──────────────────────────────────────────────────────────────────────┼────────────┼───────────────────┤
│ troubleshooting/scenarios/6-ingress-service-name/broken-ingress.yaml │ kubernetes │         0         │
└──────────────────────────────────────────────────────────────────────┴────────────┴───────────────────┘
Legend:
- '-': Not scanned
- '0': Clean (no security findings detected)

